// Vitest Snapshot v1

exports[`DarkModeSwitcher > should be in the document 1`] = `
<div>
  <header
    class="my-2 mx-4 flex h-12 flex-row justify-between"
  >
    <div
      class="flex items-center justify-center"
    >
      <svg
        class="flex h-8 w-8 rounded-full text-slate-500	transition-transform duration-300 ease-in-out hover:rotate-45 dark:text-gray-600"
        fill="none"
        role="img"
        stroke="currentColor"
        stroke-width="1"
        viewBox="0 0 24 24"
        xmlns="http://www.w3.org/2000/svg"
      >
        <path
          d="M10.325 4.317c.426-1.756 2.924-1.756 3.35 0a1.724 1.724 0 002.573 1.066c1.543-.94 3.31.826 2.37 2.37a1.724 1.724 0 001.065 2.572c1.756.426 1.756 2.924 0 3.35a1.724 1.724 0 00-1.066 2.573c.94 1.543-.826 3.31-2.37 2.37a1.724 1.724 0 00-2.572 1.065c-.426 1.756-2.924 1.756-3.35 0a1.724 1.724 0 00-2.573-1.066c-1.543.94-3.31-.826-2.37-2.37a1.724 1.724 0 00-1.065-2.572c-1.756-.426-1.756-2.924 0-3.35a1.724 1.724 0 001.066-2.573c-.94-1.543.826-3.31 2.37-2.37.996.608 2.296.07 2.572-1.065z"
          stroke-linecap="round"
          stroke-linejoin="round"
        />
        <path
          d="M15 12a3 3 0 11-6 0 3 3 0 016 0z"
          stroke-linecap="round"
          stroke-linejoin="round"
        />
      </svg>
    </div>
    <div
      class="flex items-center justify-center"
    >
      <span
        aria-checked="false"
        class="flex h-8 w-16 flex-shrink-0 cursor-pointer items-center justify-between rounded-full bg-gray-200"
        role="checkbox"
      >
        <svg
          aria-hidden="true"
          class="ml-1.5 h-5 w-5 rounded-full text-yellow-500 duration-300 ease-in-out scale-0 opacity-0"
          fill="none"
          stroke="currentColor"
          stroke-width="2"
          viewBox="0 0 24 24"
          xmlns="http://www.w3.org/2000/svg"
        >
          <path
            d="M20.354 15.354A9 9 0 018.646 3.646 9.003 9.003 0 0012 21a9.003 9.003 0 008.354-5.646z"
            stroke-linecap="round"
            stroke-linejoin="round"
          />
        </svg>
        <svg
          aria-hidden="true"
          class="mr-1.5 h-5 w-5 rounded-full text-yellow-500 duration-300 ease-in-out "
          fill="none"
          stroke="currentColor"
          stroke-width="2"
          viewBox="0 0 24 24"
          xmlns="http://www.w3.org/2000/svg"
        >
          <path
            d="M12 3v1m0 16v1m9-9h-1M4 12H3m15.364 6.364l-.707-.707M6.343 6.343l-.707-.707m12.728 0l-.707.707M6.343 17.657l-.707.707M16 12a4 4 0 11-8 0 4 4 0 018 0z"
            stroke-linecap="round"
            stroke-linejoin="round"
          />
        </svg>
        <span
          class="absolute ml-0.5 flex h-7 w-7 rounded-full text-yellow-500 shadow-md duration-300 ease-in-out bg-white"
        />
      </span>
    </div>
  </header>
</div>
`;
