// Vitest Snapshot v1

exports[`text in the document > snapshot 1`] = `
<h1
  class="mt-20 text-center text-5xl font-thin uppercase"
>
  weekends countdown
</h1>
`;

exports[`text in the document > title is visible 1`] = `
<h1
  class="mt-20 text-center text-5xl font-thin uppercase"
>
  weekends countdown
</h1>
`;
