// Vitest Snapshot v1

exports[`DropdownItemsList > should render dropdown items list 1`] = `
<div>
  <div
    class="absolute overflow-auto rounded-md bg-white shadow-md dark:bg-zinc-900 "
  >
    <div
      data-testid="dropdown-item"
    >
      first
    </div>
  </div>
</div>
`;

exports[`DropdownItemsList should render dropdown items list 1`] = `
<div>
  <div
    class="absolute overflow-auto rounded-md bg-white shadow-md dark:bg-zinc-900 "
  >
    <div
      data-testid="dropdown-item"
    >
      first
    </div>
  </div>
</div>
`;
