// Vitest Snapshot v1

exports[`ToggleTheme > should render checked 1`] = `undefined`;

exports[`ToggleTheme > should render unchecked 1`] = `undefined`;

exports[`theme toggle is > in the document 1`] = `
<span
  aria-checked="true"
  class="flex h-8 w-16 flex-shrink-0 cursor-pointer items-center justify-between rounded-full bg-slate-700"
  role="checkbox"
>
  <svg
    aria-hidden="true"
    class="ml-1.5 h-5 w-5 rounded-full text-yellow-500 duration-300 ease-in-out "
    fill="none"
    stroke="currentColor"
    stroke-width="2"
    viewBox="0 0 24 24"
    xmlns="http://www.w3.org/2000/svg"
  >
    <path
      d="M20.354 15.354A9 9 0 018.646 3.646 9.003 9.003 0 0012 21a9.003 9.003 0 008.354-5.646z"
      stroke-linecap="round"
      stroke-linejoin="round"
    />
  </svg>
  <svg
    aria-hidden="true"
    class="mr-1.5 h-5 w-5 rounded-full text-yellow-500 duration-300 ease-in-out scale-0 opacity-0"
    fill="none"
    stroke="currentColor"
    stroke-width="2"
    viewBox="0 0 24 24"
    xmlns="http://www.w3.org/2000/svg"
  >
    <path
      d="M12 3v1m0 16v1m9-9h-1M4 12H3m15.364 6.364l-.707-.707M6.343 6.343l-.707-.707m12.728 0l-.707.707M6.343 17.657l-.707.707M16 12a4 4 0 11-8 0 4 4 0 018 0z"
      stroke-linecap="round"
      stroke-linejoin="round"
    />
  </svg>
  <span
    class="absolute ml-0.5 flex h-7 w-7 rounded-full text-yellow-500 shadow-md duration-300 ease-in-out translate-x-8 bg-slate-900"
  />
</span>
`;
